// Jest Snapshot v1, https://goo.gl/fbAQLP

exports[`test provider component 1`] = `
<div>
  Hello World
</div>
`;
